Archive member included because of file (symbol)

c:/users/forge-15r/dave-ide-4.4.2-64bit/eclipse/arm-gcc-49/bin/../lib/gcc/arm-none-eabi/4.9.3/../../../../arm-none-eabi/lib/armv7e-m/softfp\libg_nano.a(lib_a-errno.o)
                              ./Libraries/Newlib/syscalls.o (__errno)
c:/users/forge-15r/dave-ide-4.4.2-64bit/eclipse/arm-gcc-49/bin/../lib/gcc/arm-none-eabi/4.9.3/../../../../arm-none-eabi/lib/armv7e-m/softfp\libg_nano.a(lib_a-impure.o)
                              c:/users/forge-15r/dave-ide-4.4.2-64bit/eclipse/arm-gcc-49/bin/../lib/gcc/arm-none-eabi/4.9.3/../../../../arm-none-eabi/lib/armv7e-m/softfp\libg_nano.a(lib_a-errno.o) (_impure_ptr)
c:/users/forge-15r/dave-ide-4.4.2-64bit/eclipse/arm-gcc-49/bin/../lib/gcc/arm-none-eabi/4.9.3/../../../../arm-none-eabi/lib/armv7e-m/softfp\libg_nano.a(lib_a-init.o)
                              ./Startup/startup_XMC4700.o (__libc_init_array)
c:/users/forge-15r/dave-ide-4.4.2-64bit/eclipse/arm-gcc-49/bin/../lib/gcc/arm-none-eabi/4.9.3/../../../../arm-none-eabi/lib/armv7e-m/softfp\libg_nano.a(lib_a-memcpy.o)
                              ./Libraries/XMCLib/src/xmc_eth_mac.o (memcpy)
c:/users/forge-15r/dave-ide-4.4.2-64bit/eclipse/arm-gcc-49/bin/../lib/gcc/arm-none-eabi/4.9.3/../../../../arm-none-eabi/lib/armv7e-m/softfp\libg_nano.a(lib_a-memset.o)
                              ./Libraries/XMCLib/src/xmc_usbd.o (memset)

Allocating common symbols
Common symbol       size              file

dma0_event_handlers
                    0x20              ./Libraries/XMCLib/src/xmc_dma.o
pipe                0x1c0             ./Libraries/XMCLib/src/xmc_usbh.o
dma1_event_handlers
                    0x10              ./Libraries/XMCLib/src/xmc_dma.o
event_handler_list  0x80              ./Libraries/XMCLib/src/xmc4_scu.o
is_nack             0xe               ./Libraries/XMCLib/src/xmc_usbh.o
usbd_init           0x4               ./Libraries/XMCLib/src/xmc_usbd.o
xmc_device          0x208             ./Libraries/XMCLib/src/xmc_usbd.o

Discarded input sections

 .text          0x00000000        0x0 ./Startup/startup_XMC4700.o
 .data          0x00000000        0x0 ./Startup/startup_XMC4700.o
 .bss           0x00000000        0x0 ./Startup/startup_XMC4700.o
 .text          0x00000000        0x0 ./Startup/system_XMC4700.o
 .data          0x00000000        0x0 ./Startup/system_XMC4700.o
 .bss           0x00000000        0x0 ./Startup/system_XMC4700.o
 .text.delay    0x00000000       0x28 ./Startup/system_XMC4700.o
 .text.SystemCoreSetup
                0x00000000       0x70 ./Startup/system_XMC4700.o
 .text.SystemCoreClockSetup
                0x00000000      0x200 ./Startup/system_XMC4700.o
 .text.OSCHP_GetFrequency
                0x00000000       0x14 ./Startup/system_XMC4700.o
 .comment       0x00000000       0x71 ./Startup/system_XMC4700.o
 .text          0x00000000        0x0 ./Libraries/XMCLib/src/xmc4_eru.o
 .data          0x00000000        0x0 ./Libraries/XMCLib/src/xmc4_eru.o
 .bss           0x00000000        0x0 ./Libraries/XMCLib/src/xmc4_eru.o
 .text.XMC_ERU_Disable
                0x00000000       0x2c ./Libraries/XMCLib/src/xmc4_eru.o
 .comment       0x00000000       0x71 ./Libraries/XMCLib/src/xmc4_eru.o
 .text          0x00000000        0x0 ./Libraries/XMCLib/src/xmc4_flash.o
 .data          0x00000000        0x0 ./Libraries/XMCLib/src/xmc4_flash.o
 .bss           0x00000000        0x0 ./Libraries/XMCLib/src/xmc4_flash.o
 .text.XMC_FLASH_lEnterPageModeCommand
                0x00000000       0x20 ./Libraries/XMCLib/src/xmc4_flash.o
 .text.XMC_FLASH_lLoadPageCommand
                0x00000000       0x30 ./Libraries/XMCLib/src/xmc4_flash.o
 .text.XMC_FLASH_lWritePageCommand
                0x00000000       0x44 ./Libraries/XMCLib/src/xmc4_flash.o
 .text.XMC_FLASH_lWriteUCBPageCommand
                0x00000000       0x44 ./Libraries/XMCLib/src/xmc4_flash.o
 .text.XMC_FLASH_lEraseSectorCommand
                0x00000000       0x58 ./Libraries/XMCLib/src/xmc4_flash.o
 .text.XMC_FLASH_lDisableSectorWriteProtectionCommand
                0x00000000       0x64 ./Libraries/XMCLib/src/xmc4_flash.o
 .text.XMC_FLASH_lDisableReadProtectionCommand
                0x00000000       0x60 ./Libraries/XMCLib/src/xmc4_flash.o
 .text.XMC_FLASH_lClearStatusCommand
                0x00000000       0x20 ./Libraries/XMCLib/src/xmc4_flash.o
 .text.XMC_FLASH_ClearStatus
                0x00000000        0xc ./Libraries/XMCLib/src/xmc4_flash.o
 .text.XMC_FLASH_GetStatus
                0x00000000       0x1c ./Libraries/XMCLib/src/xmc4_flash.o
 .text.XMC_FLASH_EnableEvent
                0x00000000       0x30 ./Libraries/XMCLib/src/xmc4_flash.o
 .text.XMC_FLASH_DisableEvent
                0x00000000       0x30 ./Libraries/XMCLib/src/xmc4_flash.o
 .text.XMC_FLASH_ProgramPage
                0x00000000       0x68 ./Libraries/XMCLib/src/xmc4_flash.o
 .text.XMC_FLASH_EraseSector
                0x00000000       0x30 ./Libraries/XMCLib/src/xmc4_flash.o
[...]
Memory Configuration

Name             Origin             Length             Attributes
FLASH_1_cached   0x08000000         0x00200000         xr
FLASH_1_uncached 0x0c000000         0x00200000         xr
PSRAM_1          0x1ffe8000         0x00018000         !xr
DSRAM_1_system   0x20000000         0x00020000         !xr
DSRAM_2_comm     0x20020000         0x00020000         !xr
SRAM_combined    0x1ffe8000         0x00058000         !xr
*default*        0x00000000         0xffffffff

Linker script and memory map

LOAD ./Startup/startup_XMC4700.o
LOAD ./Startup/system_XMC4700.o
LOAD ./Libraries/XMCLib/src/xmc4_eru.o
LOAD ./Libraries/XMCLib/src/xmc4_flash.o
LOAD ./Libraries/XMCLib/src/xmc4_gpio.o
LOAD ./Libraries/XMCLib/src/xmc4_rtc.o
LOAD ./Libraries/XMCLib/src/xmc4_scu.o
LOAD ./Libraries/XMCLib/src/xmc_can.o
LOAD ./Libraries/XMCLib/src/xmc_ccu4.o
LOAD ./Libraries/XMCLib/src/xmc_ccu8.o
LOAD ./Libraries/XMCLib/src/xmc_common.o
LOAD ./Libraries/XMCLib/src/xmc_dac.o
LOAD ./Libraries/XMCLib/src/xmc_dma.o
LOAD ./Libraries/XMCLib/src/xmc_dsd.o
LOAD ./Libraries/XMCLib/src/xmc_ebu.o
LOAD ./Libraries/XMCLib/src/xmc_ecat.o
LOAD ./Libraries/XMCLib/src/xmc_eru.o
LOAD ./Libraries/XMCLib/src/xmc_eth_mac.o
LOAD ./Libraries/XMCLib/src/xmc_eth_phy_dp83848.o
LOAD ./Libraries/XMCLib/src/xmc_eth_phy_ksz8031rnl.o
LOAD ./Libraries/XMCLib/src/xmc_eth_phy_ksz8081rnb.o
LOAD ./Libraries/XMCLib/src/xmc_fce.o
LOAD ./Libraries/XMCLib/src/xmc_gpio.o
LOAD ./Libraries/XMCLib/src/xmc_hrpwm.o
LOAD ./Libraries/XMCLib/src/xmc_i2c.o
LOAD ./Libraries/XMCLib/src/xmc_i2s.o
LOAD ./Libraries/XMCLib/src/xmc_ledts.o
LOAD ./Libraries/XMCLib/src/xmc_posif.o
LOAD ./Libraries/XMCLib/src/xmc_rtc.o
LOAD ./Libraries/XMCLib/src/xmc_sdmmc.o
LOAD ./Libraries/XMCLib/src/xmc_spi.o
LOAD ./Libraries/XMCLib/src/xmc_uart.o
LOAD ./Libraries/XMCLib/src/xmc_usbd.o
LOAD ./Libraries/XMCLib/src/xmc_usbh.o
LOAD ./Libraries/XMCLib/src/xmc_usic.o
LOAD ./Libraries/XMCLib/src/xmc_vadc.o
LOAD ./Libraries/XMCLib/src/xmc_wdt.o
LOAD ./Libraries/Newlib/syscalls.o
LOAD ./Dave/Generated/PWM/pwm.o
LOAD ./Dave/Generated/PWM/pwm_conf.o
LOAD ./Dave/Generated/PIN_INTERRUPT/pin_interrupt.o
LOAD ./Dave/Generated/PIN_INTERRUPT/pin_interrupt_conf.o
LOAD ./Dave/Generated/GLOBAL_CCU4/global_ccu4.o
LOAD ./Dave/Generated/GLOBAL_CCU4/global_ccu4_conf.o
LOAD ./Dave/Generated/CPU_CTRL_XMC4/cpu_ctrl_xmc4.o
LOAD ./Dave/Generated/CPU_CTRL_XMC4/cpu_ctrl_xmc4_conf.o
LOAD ./Dave/Generated/CLOCK_XMC4/clock_xmc4.o
LOAD ./Dave/Generated/CLOCK_XMC4/clock_xmc4_conf.o
LOAD ./Dave/Generated/DAVE.o
LOAD ./main.o
LOAD c:/users/forge-15r/dave-ide-4.4.2-64bit/eclipse/arm-gcc-49/bin/../lib/gcc/arm-none-eabi/4.9.3/../../../../arm-none-eabi/lib/armv7e-m/softfp\libm.a
START GROUP
LOAD c:/users/forge-15r/dave-ide-4.4.2-64bit/eclipse/arm-gcc-49/bin/../lib/gcc/arm-none-eabi/4.9.3/armv7e-m/softfp\libgcc.a
LOAD c:/users/forge-15r/dave-ide-4.4.2-64bit/eclipse/arm-gcc-49/bin/../lib/gcc/arm-none-eabi/4.9.3/../../../../arm-none-eabi/lib/armv7e-m/softfp\libg_nano.a
LOAD c:/users/forge-15r/dave-ide-4.4.2-64bit/eclipse/arm-gcc-49/bin/../lib/gcc/arm-none-eabi/4.9.3/../../../../arm-none-eabi/lib/armv7e-m/softfp\libc_nano.a
END GROUP
START GROUP
LOAD c:/users/forge-15r/dave-ide-4.4.2-64bit/eclipse/arm-gcc-49/bin/../lib/gcc/arm-none-eabi/4.9.3/armv7e-m/softfp\libgcc.a
LOAD c:/users/forge-15r/dave-ide-4.4.2-64bit/eclipse/arm-gcc-49/bin/../lib/gcc/arm-none-eabi/4.9.3/../../../../arm-none-eabi/lib/armv7e-m/softfp\libc_nano.a
LOAD c:/users/forge-15r/dave-ide-4.4.2-64bit/eclipse/arm-gcc-49/bin/../lib/gcc/arm-none-eabi/4.9.3/../../../../arm-none-eabi/lib/armv7e-m/softfp\libnosys.a
END GROUP
START GROUP
LOAD c:/users/forge-15r/dave-ide-4.4.2-64bit/eclipse/arm-gcc-49/bin/../lib/gcc/arm-none-eabi/4.9.3/armv7e-m/softfp\libgcc.a
LOAD c:/users/forge-15r/dave-ide-4.4.2-64bit/eclipse/arm-gcc-49/bin/../lib/gcc/arm-none-eabi/4.9.3/../../../../arm-none-eabi/lib/armv7e-m/softfp\libc_nano.a
LOAD c:/users/forge-15r/dave-ide-4.4.2-64bit/eclipse/arm-gcc-49/bin/../lib/gcc/arm-none-eabi/4.9.3/../../../../arm-none-eabi/lib/armv7e-m/softfp\libnosys.a
END GROUP
                0x00000800                stack_size = DEFINED (stack_size)?stack_size:0x800
                0x00000040                no_init_size = 0x40

.text           0x08000000     0x19d8 load address 0x0c000000
                0x08000000                sText = .
 *(.reset)
 .reset         0x08000000      0x29c ./Startup/startup_XMC4700.o
                0x08000000                __Vectors
                0x08000200                Reset_Handler
                0x08000298                DSD0_7_IRQHandler
                0x08000298                DebugMon_Handler
                0x08000298                VADC0_C0_0_IRQHandler
                0x08000298                CAN0_4_IRQHandler
                0x08000298                VADC0_G2_0_IRQHandler
                0x08000298                USIC0_5_IRQHandler
                0x08000298                POSIF0_0_IRQHandler
                0x08000298                POSIF1_0_IRQHandler
                0x08000298                HardFault_Handler
                0x08000298                VADC0_G1_1_IRQHandler
                0x08000298                SysTick_Handler
                0x08000298                PendSV_Handler
                0x08000298                NMI_Handler
                0x08000298                USIC1_3_IRQHandler
                0x08000298                CCU40_2_IRQHandler
                0x08000298                SCU_0_IRQHandler
                0x08000298                CCU41_0_IRQHandler
                0x08000298                USIC1_5_IRQHandler
                0x08000298                DSD0_4_IRQHandler
                0x08000298                CCU80_1_IRQHandler
                0x08000298                CCU81_0_IRQHandler
                0x08000298                UsageFault_Handler
                0x08000298                USIC0_0_IRQHandler
                0x08000298                POSIF1_1_IRQHandler
                0x08000298                CCU81_1_IRQHandler
                0x08000298                ERU1_1_IRQHandler
                0x08000298                VADC0_G2_3_IRQHandler
                0x08000298                VADC0_G2_2_IRQHandler
                0x08000298                CCU42_3_IRQHandler
                0x08000298                DSD0_5_IRQHandler
                0x08000298                VADC0_C0_3_IRQHandler
                0x08000298                CAN0_6_IRQHandler
                0x08000298                CCU43_0_IRQHandler
                0x08000298                VADC0_G0_1_IRQHandler
                0x08000298                CCU81_2_IRQHandler
                0x08000298                USIC2_4_IRQHandler
                0x08000298                CCU81_3_IRQHandler
                0x08000298                CCU42_1_IRQHandler
                0x08000298                USIC1_1_IRQHandler
                0x08000298                USIC2_5_IRQHandler
                0x08000298                CCU40_0_IRQHandler
                0x08000298                CAN0_0_IRQHandler
                0x08000298                CCU42_2_IRQHandler
                0x08000298                Default_Handler
                0x08000298                USIC1_4_IRQHandler
                0x08000298                ERU1_3_IRQHandler
                0x08000298                USIC1_0_IRQHandler
                0x08000298                POSIF0_1_IRQHandler
                0x08000298                VADC0_G0_0_IRQHandler
                0x08000298                DSD0_2_IRQHandler
                0x08000298                CCU80_3_IRQHandler
                0x08000298                CCU41_3_IRQHandler
                0x08000298                CCU80_2_IRQHandler
                0x08000298                VADC0_G1_3_IRQHandler
                0x08000298                VADC0_G0_3_IRQHandler
                0x08000298                GPDMA0_0_IRQHandler
                0x08000298                PMU0_0_IRQHandler
                0x08000298                CAN0_7_IRQHandler
                0x08000298                DSD0_1_IRQHandler
                0x08000298                CCU41_2_IRQHandler
                0x08000298                VADC0_C0_1_IRQHandler
                0x08000298                CCU43_2_IRQHandler
                0x08000298                USIC2_2_IRQHandler
                0x08000298                MemManage_Handler
                0x08000298                VADC0_G3_1_IRQHandler
                0x08000298                DAC0_0_IRQHandler
                0x08000298                SVC_Handler
                0x08000298                VADC0_G3_3_IRQHandler
                0x08000298                ERU1_2_IRQHandler
                0x08000298                CCU41_1_IRQHandler
                0x08000298                DSD0_6_IRQHandler
                0x08000298                CCU43_1_IRQHandler
                0x08000298                VADC0_G1_2_IRQHandler
                0x08000298                USIC2_3_IRQHandler
                0x08000298                CAN0_2_IRQHandler
                0x08000298                USIC2_0_IRQHandler
                0x08000298                VADC0_G0_2_IRQHandler
                0x08000298                VADC0_G2_1_IRQHandler
                0x08000298                CAN0_3_IRQHandler
                0x08000298                ETH0_0_IRQHandler
                0x08000298                USIC0_3_IRQHandler
                0x08000298                DSD0_0_IRQHandler
                0x08000298                VADC0_C0_2_IRQHandler
                0x08000298                CCU42_0_IRQHandler
                0x08000298                FCE0_0_IRQHandler
                0x08000298                VADC0_G1_0_IRQHandler
                0x08000298                USB0_0_IRQHandler
                0x08000298                CAN0_5_IRQHandler
                0x08000298                CCU80_0_IRQHandler
                0x08000298                CCU40_1_IRQHandler
                0x08000298                USIC2_1_IRQHandler
                0x08000298                USIC0_1_IRQHandler
                0x08000298                VADC0_G3_2_IRQHandler
                0x08000298                CCU40_3_IRQHandler
                0x08000298                BusFault_Handler
                0x08000298                LEDTS0_0_IRQHandler
                0x08000298                USIC0_4_IRQHandler
                0x08000298                CCU43_3_IRQHandler
                0x08000298                ERU0_1_IRQHandler
                0x08000298                VADC0_G3_0_IRQHandler
                0x08000298                USIC1_2_IRQHandler
                0x08000298                DSD0_3_IRQHandler
                0x08000298                SDMMC0_0_IRQHandler
                0x08000298                CAN0_1_IRQHandler
                0x08000298                USIC0_2_IRQHandler
                0x08000298                DAC0_1_IRQHandler
                0x08000298                GPDMA1_0_IRQHandler
 *(.text .text.* .gnu.linkonce.t.*)
 .text.SystemInit
                0x0800029c       0x20 ./Startup/system_XMC4700.o
                0x0800029c                SystemInit
 .text.SystemCoreClockUpdate
                0x080002bc       0xd4 ./Startup/system_XMC4700.o
                0x080002bc                SystemCoreClockUpdate
 .text.XMC_ERU_Enable
                0x08000390       0x2c ./Libraries/XMCLib/src/xmc4_eru.o
                0x08000390                XMC_ERU_Enable
 .text.XMC_GPIO_Init
                0x080003bc      0x14c ./Libraries/XMCLib/src/xmc4_gpio.o
                0x080003bc                XMC_GPIO_Init
 .text.XMC_SCU_GetMirrorStatus
                0x08000508       0x18 ./Libraries/XMCLib/src/xmc4_scu.o
 .text.XMC_SCU_lDelay
                0x08000520       0x44 ./Libraries/XMCLib/src/xmc4_scu.o
 .text.XMC_SCU_INTERUPT_GetEventStatus
                0x08000564       0x18 ./Libraries/XMCLib/src/xmc4_scu.o
                0x08000564                XMC_SCU_INTERUPT_GetEventStatus
 .text.XMC_SCU_INTERRUPT_ClearEventStatus
                0x0800057c       0x1c ./Libraries/XMCLib/src/xmc4_scu.o
                0x0800057c                XMC_SCU_INTERRUPT_ClearEventStatus
 .text.XMC_SCU_CLOCK_Init
                0x08000598       0xec ./Libraries/XMCLib/src/xmc4_scu.o
                0x08000598                XMC_SCU_CLOCK_Init
 .text.XMC_SCU_RESET_DeassertPeripheralReset
                0x08000684       0x38 ./Libraries/XMCLib/src/xmc4_scu.o
                0x08000684                XMC_SCU_RESET_DeassertPeripheralReset
 .text.XMC_SCU_CLOCK_SetSystemClockSource
                0x080006bc       0x28 ./Libraries/XMCLib/src/xmc4_scu.o
                0x080006bc                XMC_SCU_CLOCK_SetSystemClockSource
 .text.XMC_SCU_CLOCK_SetUsbClockSource
                0x080006e4       0x28 ./Libraries/XMCLib/src/xmc4_scu.o
                0x080006e4                XMC_SCU_CLOCK_SetUsbClockSource
 .text.XMC_SCU_CLOCK_SetWdtClockSource
                0x0800070c       0x28 ./Libraries/XMCLib/src/xmc4_scu.o
                0x0800070c                XMC_SCU_CLOCK_SetWdtClockSource
 .text.XMC_SCU_CLOCK_SetSystemPllClockSource
                0x08000734       0x40 ./Libraries/XMCLib/src/xmc4_scu.o
                0x08000734                XMC_SCU_CLOCK_SetSystemPllClockSource
 .text.XMC_SCU_HIB_SetRtcClockSource
                0x08000774       0x3c ./Libraries/XMCLib/src/xmc4_scu.o
                0x08000774                XMC_SCU_HIB_SetRtcClockSource
 .text.XMC_SCU_HIB_SetStandbyClockSource
                0x080007b0       0x3c ./Libraries/XMCLib/src/xmc4_scu.o
                0x080007b0                XMC_SCU_HIB_SetStandbyClockSource
 .text.XMC_SCU_CLOCK_SetSystemClockDivider
                0x080007ec       0x28 ./Libraries/XMCLib/src/xmc4_scu.o
                0x080007ec                XMC_SCU_CLOCK_SetSystemClockDivider
 .text.XMC_SCU_CLOCK_SetCcuClockDivider
                0x08000814       0x28 ./Libraries/XMCLib/src/xmc4_scu.o
                0x08000814                XMC_SCU_CLOCK_SetCcuClockDivider
 .text.XMC_SCU_CLOCK_SetCpuClockDivider
                0x0800083c       0x28 ./Libraries/XMCLib/src/xmc4_scu.o
                0x0800083c                XMC_SCU_CLOCK_SetCpuClockDivider
 .text.XMC_SCU_CLOCK_SetPeripheralClockDivider
                0x08000864       0x28 ./Libraries/XMCLib/src/xmc4_scu.o
                0x08000864                XMC_SCU_CLOCK_SetPeripheralClockDivider
 .text.XMC_SCU_CLOCK_SetUsbClockDivider
                0x0800088c       0x28 ./Libraries/XMCLib/src/xmc4_scu.o
                0x0800088c                XMC_SCU_CLOCK_SetUsbClockDivider
 .text.XMC_SCU_CLOCK_SetEbuClockDivider
                0x080008b4       0x28 ./Libraries/XMCLib/src/xmc4_scu.o
                0x080008b4                XMC_SCU_CLOCK_SetEbuClockDivider
 .text.XMC_SCU_CLOCK_SetWdtClockDivider
                0x080008dc       0x28 ./Libraries/XMCLib/src/xmc4_scu.o
                0x080008dc                XMC_SCU_CLOCK_SetWdtClockDivider
 .text.XMC_SCU_CLOCK_EnableClock
                0x08000904       0x20 ./Libraries/XMCLib/src/xmc4_scu.o
                0x08000904                XMC_SCU_CLOCK_EnableClock
 .text.XMC_SCU_CLOCK_UngatePeripheralClock
                0x08000924       0x38 ./Libraries/XMCLib/src/xmc4_scu.o
                0x08000924                XMC_SCU_CLOCK_UngatePeripheralClock
 .text.XMC_SCU_CLOCK_StartUsbPll
                0x0800095c       0x74 ./Libraries/XMCLib/src/xmc4_scu.o
                0x0800095c                XMC_SCU_CLOCK_StartUsbPll
 .text.XMC_SCU_CLOCK_SetBackupClockCalibrationMode
                0x080009d0       0x4c ./Libraries/XMCLib/src/xmc4_scu.o
                0x080009d0                XMC_SCU_CLOCK_SetBackupClockCalibrationMode
 .text.XMC_SCU_HIB_EnableHibernateDomain
                0x08000a1c       0x58 ./Libraries/XMCLib/src/xmc4_scu.o
                0x08000a1c                XMC_SCU_HIB_EnableHibernateDomain
 .text.XMC_SCU_CLOCK_IsLowPowerOscillatorStable
                0x08000a74       0x24 ./Libraries/XMCLib/src/xmc4_scu.o
                0x08000a74                XMC_SCU_CLOCK_IsLowPowerOscillatorStable
 .text.XMC_SCU_CLOCK_EnableLowPowerOscillator
                0x08000a98       0x70 ./Libraries/XMCLib/src/xmc4_scu.o
                0x08000a98                XMC_SCU_CLOCK_EnableLowPowerOscillator
 .text.XMC_SCU_CLOCK_EnableHighPerformanceOscillator
                0x08000b08       0x50 ./Libraries/XMCLib/src/xmc4_scu.o
                0x08000b08                XMC_SCU_CLOCK_EnableHighPerformanceOscillator
 .text.XMC_SCU_CLOCK_IsHighPerformanceOscillatorStable
                0x08000b58       0x28 ./Libraries/XMCLib/src/xmc4_scu.o
                0x08000b58                XMC_SCU_CLOCK_IsHighPerformanceOscillatorStable
 .text.XMC_SCU_CLOCK_EnableSystemPll
                0x08000b80       0x20 ./Libraries/XMCLib/src/xmc4_scu.o
                0x08000b80                XMC_SCU_CLOCK_EnableSystemPll
 .text.XMC_SCU_CLOCK_DisableSystemPll
                0x08000ba0       0x20 ./Libraries/XMCLib/src/xmc4_scu.o
                0x08000ba0                XMC_SCU_CLOCK_DisableSystemPll
 .text.XMC_SCU_CLOCK_StartSystemPll
                0x08000bc0      0x174 ./Libraries/XMCLib/src/xmc4_scu.o
                0x08000bc0                XMC_SCU_CLOCK_StartSystemPll
 .text.XMC_SCU_CLOCK_StepSystemPllFrequency
                0x08000d34       0x2c ./Libraries/XMCLib/src/xmc4_scu.o
                0x08000d34                XMC_SCU_CLOCK_StepSystemPllFrequency
 .text.XMC_CCU4_StartPrescaler
                0x08000d60       0x1c ./Libraries/XMCLib/src/xmc_ccu4.o
 .text.XMC_CCU4_lDeassertReset
                0x08000d7c       0x60 ./Libraries/XMCLib/src/xmc_ccu4.o
 .text.XMC_CCU4_lUngateClock
                0x08000ddc       0x60 ./Libraries/XMCLib/src/xmc_ccu4.o
 .text.XMC_CCU4_EnableModule
                0x08000e3c       0x20 ./Libraries/XMCLib/src/xmc_ccu4.o
                0x08000e3c                XMC_CCU4_EnableModule
 .text.XMC_CCU4_Init
                0x08000e5c       0x3c ./Libraries/XMCLib/src/xmc_ccu4.o
                0x08000e5c                XMC_CCU4_Init
 .text.XMC_CCU4_SLICE_CompareInit
                0x08000e98       0x6c ./Libraries/XMCLib/src/xmc_ccu4.o
                0x08000e98                XMC_CCU4_SLICE_CompareInit
 .text.XMC_CCU4_SLICE_SetInterruptNode
                0x08000f04       0xb0 ./Libraries/XMCLib/src/xmc_ccu4.o
                0x08000f04                XMC_CCU4_SLICE_SetInterruptNode
 .text.XMC_ERU_ETL_Init
                0x08000fb4       0x4c ./Libraries/XMCLib/src/xmc_eru.o
                0x08000fb4                XMC_ERU_ETL_Init
 .text.XMC_ERU_OGU_SetServiceRequestMode
                0x08001000       0x3c ./Libraries/XMCLib/src/xmc_eru.o
                0x08001000                XMC_ERU_OGU_SetServiceRequestMode
 .text._init    0x0800103c        0xc ./Libraries/Newlib/syscalls.o
                0x0800103c                _init
 .text.XMC_CCU4_EnableClock
                0x08001048       0x20 ./Dave/Generated/PWM/pwm.o
 .text.XMC_CCU4_SLICE_StartTimer
                0x08001068       0x18 ./Dave/Generated/PWM/pwm.o
 .text.XMC_CCU4_SLICE_SetTimerPeriodMatch
                0x08001080       0x1c ./Dave/Generated/PWM/pwm.o
 .text.XMC_CCU4_SLICE_SetTimerCompareMatch
                0x0800109c       0x1c ./Dave/Generated/PWM/pwm.o
 .text.XMC_CCU4_EnableShadowTransfer
                0x080010b8       0x1c ./Dave/Generated/PWM/pwm.o
 .text.XMC_CCU4_SLICE_EnableEvent
                0x080010d4       0x2c ./Dave/Generated/PWM/pwm.o
 .text.PWM_lCCU4_Init
                0x08001100       0xbc ./Dave/Generated/PWM/pwm.o
                0x08001100                PWM_lCCU4_Init
 .text.PWM_lCCU4_ConfigInterrupts
                0x080011bc       0x64 ./Dave/Generated/PWM/pwm.o
                0x080011bc                PWM_lCCU4_ConfigInterrupts
 .text.PWM_lCCU4_Start
                0x08001220       0x48 ./Dave/Generated/PWM/pwm.o
                0x08001220                PWM_lCCU4_Start
 .text.PWM_lCCU4_SetDutyCycle
                0x08001268       0x80 ./Dave/Generated/PWM/pwm.o
                0x08001268                PWM_lCCU4_SetDutyCycle
 .text.PWM_Init
                0x080012e8       0x2c ./Dave/Generated/PWM/pwm.o
                0x080012e8                PWM_Init
 .text.PWM_Start
                0x08001314       0x20 ./Dave/Generated/PWM/pwm.o
                0x08001314                PWM_Start
 .text.PWM_SetDutyCycle
                0x08001334       0x30 ./Dave/Generated/PWM/pwm.o
                0x08001334                PWM_SetDutyCycle
 .text.__NVIC_GetPriorityGrouping
                0x08001364       0x1c ./Dave/Generated/PIN_INTERRUPT/pin_interrupt.o
 .text.__NVIC_EnableIRQ
                0x08001380       0x38 ./Dave/Generated/PIN_INTERRUPT/pin_interrupt.o
 .text.__NVIC_ClearPendingIRQ
                0x080013b8       0x3c ./Dave/Generated/PIN_INTERRUPT/pin_interrupt.o
 .text.__NVIC_SetPriority
                0x080013f4       0x54 ./Dave/Generated/PIN_INTERRUPT/pin_interrupt.o
 .text.NVIC_EncodePriority
                0x08001448       0x64 ./Dave/Generated/PIN_INTERRUPT/pin_interrupt.o
 .text.PIN_INTERRUPT_Init
                0x080014ac       0xa0 ./Dave/Generated/PIN_INTERRUPT/pin_interrupt.o
                0x080014ac                PIN_INTERRUPT_Init
 .text.XMC_CCU4_StartPrescaler
                0x0800154c       0x1c ./Dave/Generated/GLOBAL_CCU4/global_ccu4.o
 .text.GLOBAL_CCU4_Init
                0x08001568       0x40 ./Dave/Generated/GLOBAL_CCU4/global_ccu4.o
                0x08001568                GLOBAL_CCU4_Init
 .text.__NVIC_SetPriorityGrouping
                0x080015a8       0x48 ./Dave/Generated/CPU_CTRL_XMC4/cpu_ctrl_xmc4_conf.o
 .text.SystemCoreSetup
                0x080015f0       0xa0 ./Dave/Generated/CPU_CTRL_XMC4/cpu_ctrl_xmc4_conf.o
                0x080015f0                SystemCoreSetup
 .text.CLOCK_XMC4_Init
                0x08001690       0x20 ./Dave/Generated/CLOCK_XMC4/clock_xmc4.o
                0x08001690                CLOCK_XMC4_Init
 .text.OSCHP_GetFrequency
                0x080016b0       0x14 ./Dave/Generated/CLOCK_XMC4/clock_xmc4.o
                0x080016b0                OSCHP_GetFrequency
 .text.SystemCoreClockSetup
                0x080016c4       0x54 ./Dave/Generated/CLOCK_XMC4/clock_xmc4_conf.o
                0x080016c4                SystemCoreClockSetup
 .text.DAVE_Init
                0x08001718       0x9c ./Dave/Generated/DAVE.o
                0x08001718                DAVE_Init
 .text.XMC_GPIO_GetInput
                0x080017b4       0x28 ./main.o
 .text.PIN_INTERRUPT_GetPinValue
                0x080017dc       0x24 ./main.o
 .text.main     0x08001800       0x18 ./main.o
                0x08001800                main
 .text.ERU0_0_IRQHandler
                0x08001818       0x40 ./main.o
                0x08001818                ERU0_0_IRQHandler
 .text.ERU0_3_IRQHandler
                0x08001858       0x40 ./main.o
                0x08001858                ERU0_3_IRQHandler
 .text.ERU0_2_IRQHandler
                0x08001898       0x14 ./main.o
                0x08001898                ERU0_2_IRQHandler
 .text.ERU1_0_IRQHandler
                0x080018ac       0x14 ./main.o
                0x080018ac                ERU1_0_IRQHandler
 .text.__libc_init_array
                0x080018c0       0x4c c:/users/forge-15r/dave-ide-4.4.2-64bit/eclipse/arm-gcc-49/bin/../lib/gcc/arm-none-eabi/4.9.3/../../../../arm-none-eabi/lib/armv7e-m/softfp\libg_nano.a(lib_a-init.o)
                0x080018c0                __libc_init_array
 *(.init)
 *(.fini)
 *crtbegin.o(.ctors)
 *crtbegin?.o(.ctors)
 *(EXCLUDE_FILE(*crtend.o *crtend?.o) .ctors)
 *(SORT(.ctors.*))
 *(.ctors)
 *crtbegin.o(.dtors)
 *crtbegin?.o(.dtors)
 *(EXCLUDE_FILE(*crtend.o *crtend?.o) .dtors)
 *(SORT(.dtors.*))
 *(.dtors)
 *(.rodata .rodata.*)
 .rodata.pwm_clamp_open_and_close_compare_config
                0x0800190c        0x8 ./Dave/Generated/PWM/pwm_conf.o
                0x0800190c                pwm_clamp_open_and_close_compare_config
 .rodata.pwm_clamp_open_and_close_gpio_out_config
                0x08001914        0xc ./Dave/Generated/PWM/pwm_conf.o
                0x08001914                pwm_clamp_open_and_close_gpio_out_config
 .rodata.pwm_clamp_up_and_down_compare_config
                0x08001920        0x8 ./Dave/Generated/PWM/pwm_conf.o
                0x08001920                pwm_clamp_up_and_down_compare_config
 .rodata.pwm_clamp_up_and_down_gpio_out_config
                0x08001928        0xc ./Dave/Generated/PWM/pwm_conf.o
                0x08001928                pwm_clamp_up_and_down_gpio_out_config
 .rodata.clamp_down
                0x08001934       0x24 ./Dave/Generated/PIN_INTERRUPT/pin_interrupt_conf.o
                0x08001934                clamp_down
 .rodata.clamp_up
                0x08001958       0x24 ./Dave/Generated/PIN_INTERRUPT/pin_interrupt_conf.o
                0x08001958                clamp_up
 .rodata.clamp_close
                0x0800197c       0x24 ./Dave/Generated/PIN_INTERRUPT/pin_interrupt_conf.o
                0x0800197c                clamp_close
 .rodata.clamp_open
                0x080019a0       0x24 ./Dave/Generated/PIN_INTERRUPT/pin_interrupt_conf.o
                0x080019a0                clamp_open
 .rodata        0x080019c4       0x14 ./Dave/Generated/CLOCK_XMC4/clock_xmc4_conf.o
 *(.gnu.linkonce.r*)
 *(vtable)
                0x080019d8                . = ALIGN (0x4)

.glue_7         0x080019d8        0x0 load address 0x0c0019d8
 .glue_7        0x00000000        0x0 linker stubs

.glue_7t        0x080019d8        0x0 load address 0x0c0019d8
 .glue_7t       0x00000000        0x0 linker stubs

.vfp11_veneer   0x080019d8        0x0 load address 0x0c0019d8
 .vfp11_veneer  0x00000000        0x0 linker stubs

.v4_bx          0x080019d8        0x0 load address 0x0c0019d8
 .v4_bx         0x00000000        0x0 linker stubs

.iplt           0x080019d8        0x0 load address 0x0c0019d8
 .iplt          0x00000000        0x0 ./Startup/startup_XMC4700.o

.rel.dyn        0x080019d8        0x0 load address 0x0c0019d8
 .rel.iplt      0x00000000        0x0 ./Startup/startup_XMC4700.o

.eh_frame_hdr
 *(.eh_frame_hdr)

.eh_frame
 *(.eh_frame)

.ARM.extab
 *(.ARM.extab* .gnu.linkonce.armextab.*)
                0x080019d8                . = ALIGN (0x4)
                0x080019d8                __exidx_start = .

.ARM.exidx
 *(.ARM.exidx* .gnu.linkonce.armexidx.*)
                0x080019d8                __exidx_end = .
                0x080019d8                . = ALIGN (0x4)

Stack           0x1ffe8000      0x800
                0x1ffe8000                __stack_start = .
                0x1ffe8800                . = (. + stack_size)
 *fill*         0x1ffe8000      0x800 
                0x1ffe8800                __stack_end = .
                0x1ffe8800                __initial_sp = .

.ram_code       0x1ffe8800        0x0 load address 0x0c0019d8
                0x1ffe8800                . = ALIGN (0x4)
                0x1ffe8800                __ram_code_start = .
 *(.ram_code)
                0x1ffe8800                . = ALIGN (0x4)
                0x1ffe8800                __ram_code_end = .
                0x0c0019d8                __ram_code_load = LOADADDR (.ram_code)
                0x00000000                __ram_code_size = (__ram_code_end - __ram_code_start)

.data           0x1ffe8800       0x88 load address 0x0c0019d8
                0x1ffe8800                . = ALIGN (0x4)
                0x1ffe8800                __data_start = .
 *(.data)
 *(.data*)
 .data.pwm_clamp_open_and_close
                0x1ffe8800       0x34 ./Dave/Generated/PWM/pwm_conf.o
                0x1ffe8800                pwm_clamp_open_and_close
 .data.pwm_clamp_up_and_down
                0x1ffe8834       0x34 ./Dave/Generated/PWM/pwm_conf.o
                0x1ffe8834                pwm_clamp_up_and_down
 .data.GLOBAL_CCU4_0
                0x1ffe8868       0x10 ./Dave/Generated/GLOBAL_CCU4/global_ccu4_conf.o
                0x1ffe8868                GLOBAL_CCU4_0
 .data.GLOBAL_CCU4_1
                0x1ffe8878       0x10 ./Dave/Generated/GLOBAL_CCU4/global_ccu4_conf.o
                0x1ffe8878                GLOBAL_CCU4_1
 *(*.data)
 *(.gnu.linkonce.d*)
                0x1ffe8888                . = ALIGN (0x4)
                0x1ffe8888                PROVIDE (__preinit_array_start, .)
 *(.preinit_array)
                0x1ffe8888                PROVIDE (__preinit_array_end, .)
                0x1ffe8888                . = ALIGN (0x4)
                0x1ffe8888                PROVIDE (__init_array_start, .)
 *(SORT(.init_array.*))
 *(.init_array)
                0x1ffe8888                PROVIDE (__init_array_end, .)
                0x1ffe8888                . = ALIGN (0x4)
                0x1ffe8888                PROVIDE (__fini_array_start, .)
 *(SORT(.fini_array.*))
 *(.fini_array)
                0x1ffe8888                PROVIDE (__fini_array_end, .)
                0x1ffe8888                . = ALIGN (0x4)
                0x1ffe8888                __data_end = .
                0x0c0019d8                __data_load = LOADADDR (.data)
                0x00000088                __data_size = (__data_end - __data_start)
                0x00001a60                __text_size = (((__exidx_end - sText) + __data_size) + __ram_code_size)
                0x08001a60                eText = (sText + __text_size)

.igot.plt       0x1ffe8888        0x0 load address 0x0c001a60
 .igot.plt      0x00000000        0x0 ./Startup/startup_XMC4700.o

.bss            0x1ffe8888        0x8 load address 0x0c001a60
                0x1ffe8888                . = ALIGN (0x4)
                0x1ffe8888                __bss_start = .
 *(.bss)
 *(.bss*)
 .bss.CLOCK_XMC4_0
                0x1ffe8888        0x4 ./Dave/Generated/CLOCK_XMC4/clock_xmc4_conf.o
                0x1ffe8888                CLOCK_XMC4_0
 .bss.pin_status
                0x1ffe888c        0x4 ./main.o
                0x1ffe888c                pin_status
 *(COMMON)
 *(.gnu.linkonce.b*)
                0x1ffe8890                . = ALIGN (0x4)
                0x1ffe8890                __bss_end = .
                0x00000008                __bss_size = (__bss_end - __bss_start)
                0x00017770                __shift_loc = (__bss_end >= ORIGIN (DSRAM_1_system))?0x0:(ORIGIN (DSRAM_1_system) - __bss_end)

USB_RAM         0x20000000        0x0
                0x20000000                . = ALIGN (0x4)
                0x20000000                USB_RAM_start = .
 *(USB_RAM)
                0x20000000                . = ALIGN (0x4)
                0x20000000                USB_RAM_end = .
                0x00000000                USB_RAM_size = (USB_RAM_end - USB_RAM_start)

ETH_RAM         0x20000000        0x0
                0x20000000                . = ALIGN (0x4)
                0x20000000                ETH_RAM_start = .
 *(ETH_RAM)
                0x20000000                . = ALIGN (0x4)
                0x20000000                ETH_RAM_end = .
                0x20000000                . = ALIGN (0x8)
                0x20000000                Heap_Bank1_Start = .
                0x00000000                ETH_RAM_size = (ETH_RAM_end - ETH_RAM_start)

.no_init        0x2003ffc0       0x14
                0x2003ffc0                Heap_Bank1_End = .
 *(.no_init)
 .no_init       0x2003ffc0       0x14 ./Startup/system_XMC4700.o
                0x2003ffc0                SystemCoreClock
                0x2003ffc4                g_chipid
                0x0003ffc0                Heap_Bank1_Size = (Heap_Bank1_End - Heap_Bank1_Start)
                0x00000001                ASSERT ((Heap_Bank1_Start <= Heap_Bank1_End), region SRAM_combined overflowed no_init section)

/DISCARD/
 *(.comment)

.stab
 *(.stab)

.stabstr
 *(.stabstr)

.debug
 *(.debug)

.line
 *(.line)

.debug_srcinfo
 *(.debug_srcinfo)

.debug_sfnames
 *(.debug_sfnames)

.debug_aranges  0x00000000      0x958
 *(.debug_aranges)
 .debug_aranges
                0x00000000       0x20 ./Startup/startup_XMC4700.o
 .debug_aranges
                0x00000020       0x48 ./Startup/system_XMC4700.o
 .debug_aranges
                0x00000068       0x28 ./Libraries/XMCLib/src/xmc4_eru.o
 .debug_aranges
                0x00000090       0x28 ./Libraries/XMCLib/src/xmc4_gpio.o
 .debug_aranges
                0x000000b8      0x3e0 ./Libraries/XMCLib/src/xmc4_scu.o
 .debug_aranges
                0x00000498      0x138 ./Libraries/XMCLib/src/xmc_ccu4.o
 .debug_aranges
                0x000005d0       0x88 ./Libraries/XMCLib/src/xmc_eru.o
 .debug_aranges
                0x00000658       0x28 ./Libraries/Newlib/syscalls.o
 .debug_aranges
                0x00000680      0x110 ./Dave/Generated/PWM/pwm.o
 .debug_aranges
                0x00000790       0x18 ./Dave/Generated/PWM/pwm_conf.o
 .debug_aranges
                0x000007a8       0x60 ./Dave/Generated/PIN_INTERRUPT/pin_interrupt.o
 .debug_aranges
                0x00000808       0x18 ./Dave/Generated/PIN_INTERRUPT/pin_interrupt_conf.o
 .debug_aranges
                0x00000820       0x30 ./Dave/Generated/GLOBAL_CCU4/global_ccu4.o
 .debug_aranges
                0x00000850       0x18 ./Dave/Generated/GLOBAL_CCU4/global_ccu4_conf.o
 .debug_aranges
                0x00000868       0x28 ./Dave/Generated/CPU_CTRL_XMC4/cpu_ctrl_xmc4_conf.o
 .debug_aranges
                0x00000890       0x38 ./Dave/Generated/CLOCK_XMC4/clock_xmc4.o
 .debug_aranges
                0x000008c8       0x20 ./Dave/Generated/CLOCK_XMC4/clock_xmc4_conf.o
 .debug_aranges
                0x000008e8       0x20 ./Dave/Generated/DAVE.o
 .debug_aranges
                0x00000908       0x50 ./main.o

.debug_pubnames
 *(.debug_pubnames)

.debug_pubtypes
 *(.debug_pubtypes)

.debug_info     0x00000000     0xd738
 *(.debug_info .gnu.linkonce.wi.*)
 .debug_info    0x00000000       0x79 ./Startup/startup_XMC4700.o
 .debug_info    0x00000079      0x9dc ./Startup/system_XMC4700.o
 .debug_info    0x00000a55      0x654 ./Libraries/XMCLib/src/xmc4_eru.o
 .debug_info    0x000010a9      0x4db ./Libraries/XMCLib/src/xmc4_gpio.o
 .debug_info    0x00001584     0x2423 ./Libraries/XMCLib/src/xmc4_scu.o
 .debug_info    0x000039a7     0x1796 ./Libraries/XMCLib/src/xmc_ccu4.o
 .debug_info    0x0000513d      0xb68 ./Libraries/XMCLib/src/xmc_eru.o
 .debug_info    0x00005ca5      0x11f ./Libraries/Newlib/syscalls.o
 .debug_info    0x00005dc4     0x147a ./Dave/Generated/PWM/pwm.o
 .debug_info    0x0000723e      0xc9d ./Dave/Generated/PWM/pwm_conf.o
 .debug_info    0x00007edb     0x10fc ./Dave/Generated/PIN_INTERRUPT/pin_interrupt.o
 .debug_info    0x00008fd7      0xc8f ./Dave/Generated/PIN_INTERRUPT/pin_interrupt_conf.o
 .debug_info    0x00009c66      0x43a ./Dave/Generated/GLOBAL_CCU4/global_ccu4.o
 .debug_info    0x0000a0a0      0x34c ./Dave/Generated/GLOBAL_CCU4/global_ccu4_conf.o
 .debug_info    0x0000a3ec      0x52e ./Dave/Generated/CPU_CTRL_XMC4/cpu_ctrl_xmc4_conf.o
 .debug_info    0x0000a91a      0x2dd ./Dave/Generated/CLOCK_XMC4/clock_xmc4.o
 .debug_info    0x0000abf7      0x43e ./Dave/Generated/CLOCK_XMC4/clock_xmc4_conf.o
 .debug_info    0x0000b035     0x1338 ./Dave/Generated/DAVE.o
 .debug_info    0x0000c36d     0x13cb ./main.o

.debug_abbrev   0x00000000     0x2029
 *(.debug_abbrev)
 .debug_abbrev  0x00000000       0x14 ./Startup/startup_XMC4700.o
 .debug_abbrev  0x00000014      0x1f1 ./Startup/system_XMC4700.o
 .debug_abbrev  0x00000205      0x171 ./Libraries/XMCLib/src/xmc4_eru.o
 .debug_abbrev  0x00000376      0x153 ./Libraries/XMCLib/src/xmc4_gpio.o
 .debug_abbrev  0x000004c9      0x2bf ./Libraries/XMCLib/src/xmc4_scu.o
 .debug_abbrev  0x00000788      0x232 ./Libraries/XMCLib/src/xmc_ccu4.o
 .debug_abbrev  0x000009ba      0x22f ./Libraries/XMCLib/src/xmc_eru.o
 .debug_abbrev  0x00000be9       0xbd ./Libraries/Newlib/syscalls.o
 .debug_abbrev  0x00000ca6      0x286 ./Dave/Generated/PWM/pwm.o
 .debug_abbrev  0x00000f2c      0x19b ./Dave/Generated/PWM/pwm_conf.o
 .debug_abbrev  0x000010c7      0x293 ./Dave/Generated/PIN_INTERRUPT/pin_interrupt.o
 .debug_abbrev  0x0000135a      0x1a1 ./Dave/Generated/PIN_INTERRUPT/pin_interrupt_conf.o
 .debug_abbrev  0x000014fb      0x196 ./Dave/Generated/GLOBAL_CCU4/global_ccu4.o
 .debug_abbrev  0x00001691      0x124 ./Dave/Generated/GLOBAL_CCU4/global_ccu4_conf.o
 .debug_abbrev  0x000017b5      0x1b4 ./Dave/Generated/CPU_CTRL_XMC4/cpu_ctrl_xmc4_conf.o
 .debug_abbrev  0x00001969      0x13d ./Dave/Generated/CLOCK_XMC4/clock_xmc4.o
 .debug_abbrev  0x00001aa6      0x134 ./Dave/Generated/CLOCK_XMC4/clock_xmc4_conf.o
 .debug_abbrev  0x00001bda      0x1ea ./Dave/Generated/DAVE.o
 .debug_abbrev  0x00001dc4      0x265 ./main.o

.debug_line     0x00000000     0x4351
 *(.debug_line)
 .debug_line    0x00000000       0x87 ./Startup/startup_XMC4700.o
 .debug_line    0x00000087      0x2d3 ./Startup/system_XMC4700.o
 .debug_line    0x0000035a      0x267 ./Libraries/XMCLib/src/xmc4_eru.o
 .debug_line    0x000005c1      0x20b ./Libraries/XMCLib/src/xmc4_gpio.o
 .debug_line    0x000007cc      0xdd2 ./Libraries/XMCLib/src/xmc4_scu.o
 .debug_line    0x0000159e      0x607 ./Libraries/XMCLib/src/xmc_ccu4.o
 .debug_line    0x00001ba5      0x2cd ./Libraries/XMCLib/src/xmc_eru.o
 .debug_line    0x00001e72       0xca ./Libraries/Newlib/syscalls.o
 .debug_line    0x00001f3c      0x644 ./Dave/Generated/PWM/pwm.o
 .debug_line    0x00002580      0x2e4 ./Dave/Generated/PWM/pwm_conf.o
 .debug_line    0x00002864      0x3af ./Dave/Generated/PIN_INTERRUPT/pin_interrupt.o
 .debug_line    0x00002c13      0x281 ./Dave/Generated/PIN_INTERRUPT/pin_interrupt_conf.o
 .debug_line    0x00002e94      0x2f8 ./Dave/Generated/GLOBAL_CCU4/global_ccu4.o
 .debug_line    0x0000318c      0x26d ./Dave/Generated/GLOBAL_CCU4/global_ccu4_conf.o
 .debug_line    0x000033f9      0x265 ./Dave/Generated/CPU_CTRL_XMC4/cpu_ctrl_xmc4_conf.o
 .debug_line    0x0000365e      0x295 ./Dave/Generated/CLOCK_XMC4/clock_xmc4.o
 .debug_line    0x000038f3      0x26b ./Dave/Generated/CLOCK_XMC4/clock_xmc4_conf.o
 .debug_line    0x00003b5e      0x387 ./Dave/Generated/DAVE.o
 .debug_line    0x00003ee5      0x46c ./main.o

.debug_frame    0x00000000     0x25b4
 *(.debug_frame)
 .debug_frame   0x00000000       0xec ./Startup/system_XMC4700.o
 .debug_frame   0x000000ec       0x60 ./Libraries/XMCLib/src/xmc4_eru.o
 .debug_frame   0x0000014c       0x60 ./Libraries/XMCLib/src/xmc4_gpio.o
 .debug_frame   0x000001ac     0x1238 ./Libraries/XMCLib/src/xmc4_scu.o
 .debug_frame   0x000013e4      0x5b0 ./Libraries/XMCLib/src/xmc_ccu4.o
 .debug_frame   0x00001994      0x240 ./Libraries/XMCLib/src/xmc_eru.o
 .debug_frame   0x00001bd4       0x5c ./Libraries/Newlib/syscalls.o
 .debug_frame   0x00001c30      0x4e8 ./Dave/Generated/PWM/pwm.o
 .debug_frame   0x00002118      0x178 ./Dave/Generated/PIN_INTERRUPT/pin_interrupt.o
 .debug_frame   0x00002290       0x88 ./Dave/Generated/GLOBAL_CCU4/global_ccu4.o
 .debug_frame   0x00002318       0x60 ./Dave/Generated/CPU_CTRL_XMC4/cpu_ctrl_xmc4_conf.o
 .debug_frame   0x00002378       0xac ./Dave/Generated/CLOCK_XMC4/clock_xmc4.o
 .debug_frame   0x00002424       0x3c ./Dave/Generated/CLOCK_XMC4/clock_xmc4_conf.o
 .debug_frame   0x00002460       0x38 ./Dave/Generated/DAVE.o
 .debug_frame   0x00002498       0xf0 ./main.o
 .debug_frame   0x00002588       0x2c c:/users/forge-15r/dave-ide-4.4.2-64bit/eclipse/arm-gcc-49/bin/../lib/gcc/arm-none-eabi/4.9.3/../../../../arm-none-eabi/lib/armv7e-m/softfp\libg_nano.a(lib_a-init.o)

.debug_str      0x00000000     0x6671
 *(.debug_str)
 .debug_str     0x00000000      0x5b8 ./Startup/system_XMC4700.o
                                0x624 (size before relaxing)
 .debug_str     0x000005b8      0x726 ./Libraries/XMCLib/src/xmc4_eru.o
                                0x99e (size before relaxing)
 .debug_str     0x00000cde      0x544 ./Libraries/XMCLib/src/xmc4_gpio.o
                                0x7d8 (size before relaxing)
 .debug_str     0x00001222     0x1d20 ./Libraries/XMCLib/src/xmc4_scu.o
                               0x28d0 (size before relaxing)
 .debug_str     0x00002f42     0x1514 ./Libraries/XMCLib/src/xmc_ccu4.o
                               0x1ec5 (size before relaxing)
 .debug_str     0x00004456      0x9c5 ./Libraries/XMCLib/src/xmc_eru.o
                                0xcdc (size before relaxing)
 .debug_str     0x00004e1b       0x6f ./Libraries/Newlib/syscalls.o
                                0x214 (size before relaxing)
 .debug_str     0x00004e8a      0x7b2 ./Dave/Generated/PWM/pwm.o
                               0x144d (size before relaxing)
 .debug_str     0x0000563c      0x358 ./Dave/Generated/PWM/pwm_conf.o
                               0x11fd (size before relaxing)
 .debug_str     0x00005994      0x8de ./Dave/Generated/PIN_INTERRUPT/pin_interrupt.o
                               0x13c9 (size before relaxing)
 .debug_str     0x00006272       0x60 ./Dave/Generated/PIN_INTERRUPT/pin_interrupt_conf.o
                               0x1374 (size before relaxing)
 .debug_str     0x000062d2       0xb5 ./Dave/Generated/GLOBAL_CCU4/global_ccu4.o
                                0x5d6 (size before relaxing)
 .debug_str     0x00006387       0x31 ./Dave/Generated/GLOBAL_CCU4/global_ccu4_conf.o
                                0x4f8 (size before relaxing)
 .debug_str     0x000063b8       0x88 ./Dave/Generated/CPU_CTRL_XMC4/cpu_ctrl_xmc4_conf.o
                                0x418 (size before relaxing)
 .debug_str     0x00006440       0xf3 ./Dave/Generated/CLOCK_XMC4/clock_xmc4.o
                                0x3c9 (size before relaxing)
 .debug_str     0x00006533       0x50 ./Dave/Generated/CLOCK_XMC4/clock_xmc4_conf.o
                                0x7a9 (size before relaxing)
 .debug_str     0x00006583       0x65 ./Dave/Generated/DAVE.o
                               0x1623 (size before relaxing)
 .debug_str     0x000065e8       0x89 ./main.o
                               0x1657 (size before relaxing)

.debug_loc      0x00000000     0x4da8
 *(.debug_loc)
 .debug_loc     0x00000000      0x1a4 ./Startup/system_XMC4700.o
 .debug_loc     0x000001a4       0xa0 ./Libraries/XMCLib/src/xmc4_eru.o
 .debug_loc     0x00000244       0xb8 ./Libraries/XMCLib/src/xmc4_gpio.o
 .debug_loc     0x000002fc     0x2618 ./Libraries/XMCLib/src/xmc4_scu.o
 .debug_loc     0x00002914      0xc90 ./Libraries/XMCLib/src/xmc_ccu4.o
 .debug_loc     0x000035a4      0x4f0 ./Libraries/XMCLib/src/xmc_eru.o
 .debug_loc     0x00003a94       0x94 ./Libraries/Newlib/syscalls.o
 .debug_loc     0x00003b28      0xa4c ./Dave/Generated/PWM/pwm.o
 .debug_loc     0x00004574      0x300 ./Dave/Generated/PIN_INTERRUPT/pin_interrupt.o
 .debug_loc     0x00004874      0x108 ./Dave/Generated/GLOBAL_CCU4/global_ccu4.o
 .debug_loc     0x0000497c       0xac ./Dave/Generated/CPU_CTRL_XMC4/cpu_ctrl_xmc4_conf.o
 .debug_loc     0x00004a28      0x14c ./Dave/Generated/CLOCK_XMC4/clock_xmc4.o
 .debug_loc     0x00004b74       0x50 ./Dave/Generated/CLOCK_XMC4/clock_xmc4_conf.o
 .debug_loc     0x00004bc4       0x50 ./Dave/Generated/DAVE.o
 .debug_loc     0x00004c14      0x194 ./main.o

.debug_macinfo
 *(.debug_macinfo)

.debug_ranges   0x00000000      0x800
 *(.debug_ranges)
 .debug_ranges  0x00000000       0x38 ./Startup/system_XMC4700.o
 .debug_ranges  0x00000038       0x18 ./Libraries/XMCLib/src/xmc4_eru.o
 .debug_ranges  0x00000050       0x18 ./Libraries/XMCLib/src/xmc4_gpio.o
 .debug_ranges  0x00000068      0x3d0 ./Libraries/XMCLib/src/xmc4_scu.o
 .debug_ranges  0x00000438      0x128 ./Libraries/XMCLib/src/xmc_ccu4.o
 .debug_ranges  0x00000560       0x78 ./Libraries/XMCLib/src/xmc_eru.o
 .debug_ranges  0x000005d8       0x18 ./Libraries/Newlib/syscalls.o
 .debug_ranges  0x000005f0      0x100 ./Dave/Generated/PWM/pwm.o
 .debug_ranges  0x000006f0       0x50 ./Dave/Generated/PIN_INTERRUPT/pin_interrupt.o
 .debug_ranges  0x00000740       0x20 ./Dave/Generated/GLOBAL_CCU4/global_ccu4.o
 .debug_ranges  0x00000760       0x18 ./Dave/Generated/CPU_CTRL_XMC4/cpu_ctrl_xmc4_conf.o
 .debug_ranges  0x00000778       0x28 ./Dave/Generated/CLOCK_XMC4/clock_xmc4.o
 .debug_ranges  0x000007a0       0x10 ./Dave/Generated/CLOCK_XMC4/clock_xmc4_conf.o
 .debug_ranges  0x000007b0       0x10 ./Dave/Generated/DAVE.o
 .debug_ranges  0x000007c0       0x40 ./main.o

.debug_weaknames
 *(.debug_weaknames)

.debug_funcnames
 *(.debug_funcnames)

.debug_typenames
 *(.debug_typenames)

.debug_varnames
 *(.debug_varnames)

.build_attributes
                0x00000000      0x435
 *(.ARM.attributes)
 .ARM.attributes
                0x00000000       0x25 ./Startup/startup_XMC4700.o
 .ARM.attributes
                0x00000025       0x37 ./Startup/system_XMC4700.o
 .ARM.attributes
                0x0000005c       0x37 ./Libraries/XMCLib/src/xmc4_eru.o
 .ARM.attributes
                0x00000093       0x37 ./Libraries/XMCLib/src/xmc4_gpio.o
 .ARM.attributes
                0x000000ca       0x37 ./Libraries/XMCLib/src/xmc4_scu.o
 .ARM.attributes
                0x00000101       0x37 ./Libraries/XMCLib/src/xmc_ccu4.o
 .ARM.attributes
                0x00000138       0x37 ./Libraries/XMCLib/src/xmc_eru.o
 .ARM.attributes
                0x0000016f       0x37 ./Libraries/Newlib/syscalls.o
 .ARM.attributes
                0x000001a6       0x37 ./Dave/Generated/PWM/pwm.o
 .ARM.attributes
                0x000001dd       0x37 ./Dave/Generated/PWM/pwm_conf.o
 .ARM.attributes
                0x00000214       0x37 ./Dave/Generated/PIN_INTERRUPT/pin_interrupt.o
 .ARM.attributes
                0x0000024b       0x37 ./Dave/Generated/PIN_INTERRUPT/pin_interrupt_conf.o
 .ARM.attributes
                0x00000282       0x37 ./Dave/Generated/GLOBAL_CCU4/global_ccu4.o
 .ARM.attributes
                0x000002b9       0x37 ./Dave/Generated/GLOBAL_CCU4/global_ccu4_conf.o
 .ARM.attributes
                0x000002f0       0x37 ./Dave/Generated/CPU_CTRL_XMC4/cpu_ctrl_xmc4_conf.o
 .ARM.attributes
                0x00000327       0x37 ./Dave/Generated/CLOCK_XMC4/clock_xmc4.o
 .ARM.attributes
                0x0000035e       0x37 ./Dave/Generated/CLOCK_XMC4/clock_xmc4_conf.o
 .ARM.attributes
                0x00000395       0x37 ./Dave/Generated/DAVE.o
 .ARM.attributes
                0x000003cc       0x37 ./main.o
 .ARM.attributes
                0x00000403       0x32 c:/users/forge-15r/dave-ide-4.4.2-64bit/eclipse/arm-gcc-49/bin/../lib/gcc/arm-none-eabi/4.9.3/../../../../arm-none-eabi/lib/armv7e-m/softfp\libg_nano.a(lib_a-init.o)
OUTPUT(servo_pwm.elf elf32-littlearm)
